// Jest Snapshot v1, https://goo.gl/fbAQLP

exports[`Testing Calendar Component should display to Home Component 1`] = `
<div>
  <div
    className="calendar"
  >
    <div
      className="month"
    >
      <a
        className="nav"
        href="#"
        onClick={[Function]}
      >
        <IoIosArrowDropleftCircle />
      </a>
      <div>
        <span
          className="year"
        >
           
          July 2022
        </span>
      </div>
      <a
        className="nav"
        href="#"
        onClick={[Function]}
      >
        <IoIosArrowDroprightCircle />
      </a>
    </div>
    <div
      className="days"
    />
    <div
      className="dates"
    >
      <div
        className="col_start_6"
        key="Fri Jul 01 2022 00:00:00 GMT+0200 (Central European Summer Time)"
      >
        <button
          className="disable_days"
          disabled={true}
          id="calendarDateBtn_0"
          onClick={[Function]}
          type="button"
        >
          <time
            dateTime="2022-07-01"
            id="1"
          >
            1
          </time>
        </button>
      </div>
      <div
        className=""
        key="Sat Jul 02 2022 00:00:00 GMT+0200 (Central European Summer Time)"
      >
        <button
          className="disable_days"
          disabled={true}
          id="calendarDateBtn_1"
          onClick={[Function]}
          type="button"
        >
          <time
            dateTime="2022-07-02"
            id="2"
          >
            2
          </time>
        </button>
      </div>
      <div
        className=""
        key="Sun Jul 03 2022 00:00:00 GMT+0200 (Central European Summer Time)"
      >
        <button
          className="disable_days"
          disabled={true}
          id="calendarDateBtn_2"
          onClick={[Function]}
          type="button"
        >
          <time
            dateTime="2022-07-03"
            id="3"
          >
            3
          </time>
        </button>
      </div>
      <div
        className=""
        key="Mon Jul 04 2022 00:00:00 GMT+0200 (Central European Summer Time)"
      >
        <button
          className="disable_days"
          disabled={true}
          id="calendarDateBtn_3"
          onClick={[Function]}
          type="button"
        >
          <time
            dateTime="2022-07-04"
            id="4"
          >
            4
          </time>
        </button>
      </div>
      <div
        className=""
        key="Tue Jul 05 2022 00:00:00 GMT+0200 (Central European Summer Time)"
      >
        <button
          className="disable_days"
          disabled={true}
          id="calendarDateBtn_4"
          onClick={[Function]}
          type="button"
        >
          <time
            dateTime="2022-07-05"
            id="5"
          >
            5
          </time>
        </button>
      </div>
      <div
        className=""
        key="Wed Jul 06 2022 00:00:00 GMT+0200 (Central European Summer Time)"
      >
        <button
          className="disable_days"
          disabled={true}
          id="calendarDateBtn_5"
          onClick={[Function]}
          type="button"
        >
          <time
            dateTime="2022-07-06"
            id="6"
          >
            6
          </time>
        </button>
      </div>
      <div
        className=""
        key="Thu Jul 07 2022 00:00:00 GMT+0200 (Central European Summer Time)"
      >
        <button
          className="disable_days"
          disabled={true}
          id="calendarDateBtn_6"
          onClick={[Function]}
          type="button"
        >
          <time
            dateTime="2022-07-07"
            id="7"
          >
            7
          </time>
        </button>
      </div>
      <div
        className=""
        key="Fri Jul 08 2022 00:00:00 GMT+0200 (Central European Summer Time)"
      >
        <button
          className="disable_days"
          disabled={true}
          id="calendarDateBtn_7"
          onClick={[Function]}
          type="button"
        >
          <time
            dateTime="2022-07-08"
            id="8"
          >
            8
          </time>
        </button>
      </div>
      <div
        className=""
        key="Sat Jul 09 2022 00:00:00 GMT+0200 (Central European Summer Time)"
      >
        <button
          className="disable_days"
          disabled={true}
          id="calendarDateBtn_8"
          onClick={[Function]}
          type="button"
        >
          <time
            dateTime="2022-07-09"
            id="9"
          >
            9
          </time>
        </button>
      </div>
      <div
        className=""
        key="Sun Jul 10 2022 00:00:00 GMT+0200 (Central European Summer Time)"
      >
        <button
          className="disable_days"
          disabled={true}
          id="calendarDateBtn_9"
          onClick={[Function]}
          type="button"
        >
          <time
            dateTime="2022-07-10"
            id="10"
          >
            10
          </time>
        </button>
      </div>
      <div
        className=""
        key="Mon Jul 11 2022 00:00:00 GMT+0200 (Central European Summer Time)"
      >
        <button
          className="disable_days"
          disabled={true}
          id="calendarDateBtn_10"
          onClick={[Function]}
          type="button"
        >
          <time
            dateTime="2022-07-11"
            id="11"
          >
            11
          </time>
        </button>
      </div>
      <div
        className=""
        key="Tue Jul 12 2022 00:00:00 GMT+0200 (Central European Summer Time)"
      >
        <button
          className="disable_days"
          disabled={true}
          id="calendarDateBtn_11"
          onClick={[Function]}
          type="button"
        >
          <time
            dateTime="2022-07-12"
            id="12"
          >
            12
          </time>
        </button>
      </div>
      <div
        className=""
        key="Wed Jul 13 2022 00:00:00 GMT+0200 (Central European Summer Time)"
      >
        <button
          className="disable_days"
          disabled={true}
          id="calendarDateBtn_12"
          onClick={[Function]}
          type="button"
        >
          <time
            dateTime="2022-07-13"
            id="13"
          >
            13
          </time>
        </button>
      </div>
      <div
        className=""
        key="Thu Jul 14 2022 00:00:00 GMT+0200 (Central European Summer Time)"
      >
        <button
          className="disable_days"
          disabled={true}
          id="calendarDateBtn_13"
          onClick={[Function]}
          type="button"
        >
          <time
            dateTime="2022-07-14"
            id="14"
          >
            14
          </time>
        </button>
      </div>
      <div
        className=""
        key="Fri Jul 15 2022 00:00:00 GMT+0200 (Central European Summer Time)"
      >
        <button
          className="disable_days"
          disabled={true}
          id="calendarDateBtn_14"
          onClick={[Function]}
          type="button"
        >
          <time
            dateTime="2022-07-15"
            id="15"
          >
            15
          </time>
        </button>
      </div>
      <div
        className=""
        key="Sat Jul 16 2022 00:00:00 GMT+0200 (Central European Summer Time)"
      >
        <button
          className="disable_days"
          disabled={true}
          id="calendarDateBtn_15"
          onClick={[Function]}
          type="button"
        >
          <time
            dateTime="2022-07-16"
            id="16"
          >
            16
          </time>
        </button>
      </div>
      <div
        className=""
        key="Sun Jul 17 2022 00:00:00 GMT+0200 (Central European Summer Time)"
      >
        <button
          className="currentDay"
          disabled={false}
          id="calendarDateBtn_16"
          onClick={[Function]}
          type="button"
        >
          <time
            dateTime="2022-07-17"
            id="17"
          >
            17
          </time>
        </button>
      </div>
      <div
        className=""
        key="Mon Jul 18 2022 00:00:00 GMT+0200 (Central European Summer Time)"
      >
        <button
          className=""
          disabled={false}
          id="calendarDateBtn_17"
          onClick={[Function]}
          type="button"
        >
          <time
            dateTime="2022-07-18"
            id="18"
          >
            18
          </time>
        </button>
      </div>
      <div
        className=""
        key="Tue Jul 19 2022 00:00:00 GMT+0200 (Central European Summer Time)"
      >
        <button
          className=""
          disabled={false}
          id="calendarDateBtn_18"
          onClick={[Function]}
          type="button"
        >
          <time
            dateTime="2022-07-19"
            id="19"
          >
            19
          </time>
        </button>
      </div>
      <div
        className=""
        key="Wed Jul 20 2022 00:00:00 GMT+0200 (Central European Summer Time)"
      >
        <button
          className=""
          disabled={false}
          id="calendarDateBtn_19"
          onClick={[Function]}
          type="button"
        >
          <time
            dateTime="2022-07-20"
            id="20"
          >
            20
          </time>
        </button>
      </div>
      <div
        className=""
        key="Thu Jul 21 2022 00:00:00 GMT+0200 (Central European Summer Time)"
      >
        <button
          className=""
          disabled={false}
          id="calendarDateBtn_20"
          onClick={[Function]}
          type="button"
        >
          <time
            dateTime="2022-07-21"
            id="21"
          >
            21
          </time>
        </button>
      </div>
      <div
        className=""
        key="Fri Jul 22 2022 00:00:00 GMT+0200 (Central European Summer Time)"
      >
        <button
          className=""
          disabled={false}
          id="calendarDateBtn_21"
          onClick={[Function]}
          type="button"
        >
          <time
            dateTime="2022-07-22"
            id="22"
          >
            22
          </time>
        </button>
      </div>
      <div
        className=""
        key="Sat Jul 23 2022 00:00:00 GMT+0200 (Central European Summer Time)"
      >
        <button
          className=""
          disabled={false}
          id="calendarDateBtn_22"
          onClick={[Function]}
          type="button"
        >
          <time
            dateTime="2022-07-23"
            id="23"
          >
            23
          </time>
        </button>
      </div>
      <div
        className=""
        key="Sun Jul 24 2022 00:00:00 GMT+0200 (Central European Summer Time)"
      >
        <button
          className=""
          disabled={false}
          id="calendarDateBtn_23"
          onClick={[Function]}
          type="button"
        >
          <time
            dateTime="2022-07-24"
            id="24"
          >
            24
          </time>
        </button>
      </div>
      <div
        className=""
        key="Mon Jul 25 2022 00:00:00 GMT+0200 (Central European Summer Time)"
      >
        <button
          className=""
          disabled={false}
          id="calendarDateBtn_24"
          onClick={[Function]}
          type="button"
        >
          <time
            dateTime="2022-07-25"
            id="25"
          >
            25
          </time>
        </button>
      </div>
      <div
        className=""
        key="Tue Jul 26 2022 00:00:00 GMT+0200 (Central European Summer Time)"
      >
        <button
          className=""
          disabled={false}
          id="calendarDateBtn_25"
          onClick={[Function]}
          type="button"
        >
          <time
            dateTime="2022-07-26"
            id="26"
          >
            26
          </time>
        </button>
      </div>
      <div
        className=""
        key="Wed Jul 27 2022 00:00:00 GMT+0200 (Central European Summer Time)"
      >
        <button
          className=""
          disabled={false}
          id="calendarDateBtn_26"
          onClick={[Function]}
          type="button"
        >
          <time
            dateTime="2022-07-27"
            id="27"
          >
            27
          </time>
        </button>
      </div>
      <div
        className=""
        key="Thu Jul 28 2022 00:00:00 GMT+0200 (Central European Summer Time)"
      >
        <button
          className=""
          disabled={false}
          id="calendarDateBtn_27"
          onClick={[Function]}
          type="button"
        >
          <time
            dateTime="2022-07-28"
            id="28"
          >
            28
          </time>
        </button>
      </div>
      <div
        className=""
        key="Fri Jul 29 2022 00:00:00 GMT+0200 (Central European Summer Time)"
      >
        <button
          className=""
          disabled={false}
          id="calendarDateBtn_28"
          onClick={[Function]}
          type="button"
        >
          <time
            dateTime="2022-07-29"
            id="29"
          >
            29
          </time>
        </button>
      </div>
      <div
        className=""
        key="Sat Jul 30 2022 00:00:00 GMT+0200 (Central European Summer Time)"
      >
        <button
          className=""
          disabled={false}
          id="calendarDateBtn_29"
          onClick={[Function]}
          type="button"
        >
          <time
            dateTime="2022-07-30"
            id="30"
          >
            30
          </time>
        </button>
      </div>
      <div
        className=""
        key="Sun Jul 31 2022 00:00:00 GMT+0200 (Central European Summer Time)"
      >
        <button
          className=""
          disabled={false}
          id="calendarDateBtn_30"
          onClick={[Function]}
          type="button"
        >
          <time
            dateTime="2022-07-31"
            id="31"
          >
            31
          </time>
        </button>
      </div>
    </div>
  </div>
</div>
`;
