// Jest Snapshot v1, https://goo.gl/fbAQLP

exports[`Testing Time Slot component should display to Time Slot Component 1`] = `
<div
  className="timeslots"
>
  <div
    className="timeslots__header"
  >
    Tuesday, August 23rd, 2022
  </div>
  <div
    className="timeslots__body"
  >
    <input
      className="hide_button"
      id="acc-close"
      name="rd"
      type="radio"
    />
    <div
      className="tabs"
    >
      <div
        className="tab"
        key="00:00"
        onClick={[Function]}
      >
        <input
          id="chk-0"
          name="rd"
          style={
            Object {
              "display": "none",
            }
          }
          type="radio"
        />
        00:00
        <label
          className="tab_label"
          htmlFor="chk-0"
          id="acc-open-0"
        >
          <span>
            00:00
          </span>
          Available
        </label>
        <div
          className="tab_content"
        >
          <h4>
            Reason for a Call :
          </h4>
          <input
            className="textBox"
            id="message-0"
            name="message_0"
            onChange={[Function]}
            type="text"
            value=""
          />
          <button
            className="confirmButton"
            id="submit-0"
            onClick={[Function]}
            type="submit"
          >
            Confirm
          </button>
        </div>
        <label
          className="box_close"
          htmlFor="acc-close"
          id="close_0"
        />
      </div>
      <div
        className="tab"
        key="01:00"
        onClick={[Function]}
      >
        <input
          id="chk-1"
          name="rd"
          style={
            Object {
              "display": "none",
            }
          }
          type="radio"
        />
        01:00
        <label
          className="tab_label"
          htmlFor="chk-1"
          id="acc-open-1"
        >
          <span>
            01:00
          </span>
          Available
        </label>
        <div
          className="tab_content"
        >
          <h4>
            Reason for a Call :
          </h4>
          <input
            className="textBox"
            id="message-1"
            name="message_1"
            onChange={[Function]}
            type="text"
            value=""
          />
          <button
            className="confirmButton"
            id="submit-1"
            onClick={[Function]}
            type="submit"
          >
            Confirm
          </button>
        </div>
        <label
          className="box_close"
          htmlFor="acc-close"
          id="close_1"
        />
      </div>
      <div
        className="tab"
        key="02:00"
        onClick={[Function]}
      >
        <input
          id="chk-2"
          name="rd"
          style={
            Object {
              "display": "none",
            }
          }
          type="radio"
        />
        02:00
        <label
          className="tab_label"
          htmlFor="chk-2"
          id="acc-open-2"
        >
          <span>
            02:00
          </span>
          Available
        </label>
        <div
          className="tab_content"
        >
          <h4>
            Reason for a Call :
          </h4>
          <input
            className="textBox"
            id="message-2"
            name="message_2"
            onChange={[Function]}
            type="text"
            value=""
          />
          <button
            className="confirmButton"
            id="submit-2"
            onClick={[Function]}
            type="submit"
          >
            Confirm
          </button>
        </div>
        <label
          className="box_close"
          htmlFor="acc-close"
          id="close_2"
        />
      </div>
      <div
        className="tab"
        key="03:00"
        onClick={[Function]}
      >
        <input
          id="chk-3"
          name="rd"
          style={
            Object {
              "display": "none",
            }
          }
          type="radio"
        />
        03:00
        <label
          className="tab_label"
          htmlFor="chk-3"
          id="acc-open-3"
        >
          <span>
            03:00
          </span>
          Available
        </label>
        <div
          className="tab_content"
        >
          <h4>
            Reason for a Call :
          </h4>
          <input
            className="textBox"
            id="message-3"
            name="message_3"
            onChange={[Function]}
            type="text"
            value=""
          />
          <button
            className="confirmButton"
            id="submit-3"
            onClick={[Function]}
            type="submit"
          >
            Confirm
          </button>
        </div>
        <label
          className="box_close"
          htmlFor="acc-close"
          id="close_3"
        />
      </div>
      <div
        className="tab"
        key="04:00"
        onClick={[Function]}
      >
        <input
          id="chk-4"
          name="rd"
          style={
            Object {
              "display": "none",
            }
          }
          type="radio"
        />
        04:00
        <label
          className="tab_label"
          htmlFor="chk-4"
          id="acc-open-4"
        >
          <span>
            04:00
          </span>
          Available
        </label>
        <div
          className="tab_content"
        >
          <h4>
            Reason for a Call :
          </h4>
          <input
            className="textBox"
            id="message-4"
            name="message_4"
            onChange={[Function]}
            type="text"
            value=""
          />
          <button
            className="confirmButton"
            id="submit-4"
            onClick={[Function]}
            type="submit"
          >
            Confirm
          </button>
        </div>
        <label
          className="box_close"
          htmlFor="acc-close"
          id="close_4"
        />
      </div>
      <div
        className="tab"
        key="05:00"
        onClick={[Function]}
      >
        <input
          id="chk-5"
          name="rd"
          style={
            Object {
              "display": "none",
            }
          }
          type="radio"
        />
        05:00
        <label
          className="tab_label"
          htmlFor="chk-5"
          id="acc-open-5"
        >
          <span>
            05:00
          </span>
          Available
        </label>
        <div
          className="tab_content"
        >
          <h4>
            Reason for a Call :
          </h4>
          <input
            className="textBox"
            id="message-5"
            name="message_5"
            onChange={[Function]}
            type="text"
            value=""
          />
          <button
            className="confirmButton"
            id="submit-5"
            onClick={[Function]}
            type="submit"
          >
            Confirm
          </button>
        </div>
        <label
          className="box_close"
          htmlFor="acc-close"
          id="close_5"
        />
      </div>
      <div
        className="tab"
        key="06:00"
        onClick={[Function]}
      >
        <input
          id="chk-6"
          name="rd"
          style={
            Object {
              "display": "none",
            }
          }
          type="radio"
        />
        06:00
        <label
          className="tab_label"
          htmlFor="chk-6"
          id="acc-open-6"
        >
          <span>
            06:00
          </span>
          Available
        </label>
        <div
          className="tab_content"
        >
          <h4>
            Reason for a Call :
          </h4>
          <input
            className="textBox"
            id="message-6"
            name="message_6"
            onChange={[Function]}
            type="text"
            value=""
          />
          <button
            className="confirmButton"
            id="submit-6"
            onClick={[Function]}
            type="submit"
          >
            Confirm
          </button>
        </div>
        <label
          className="box_close"
          htmlFor="acc-close"
          id="close_6"
        />
      </div>
      <div
        className="tab"
        key="07:00"
        onClick={[Function]}
      >
        <input
          id="chk-7"
          name="rd"
          style={
            Object {
              "display": "none",
            }
          }
          type="radio"
        />
        07:00
        <label
          className="tab_label"
          htmlFor="chk-7"
          id="acc-open-7"
        >
          <span>
            07:00
          </span>
          Available
        </label>
        <div
          className="tab_content"
        >
          <h4>
            Reason for a Call :
          </h4>
          <input
            className="textBox"
            id="message-7"
            name="message_7"
            onChange={[Function]}
            type="text"
            value=""
          />
          <button
            className="confirmButton"
            id="submit-7"
            onClick={[Function]}
            type="submit"
          >
            Confirm
          </button>
        </div>
        <label
          className="box_close"
          htmlFor="acc-close"
          id="close_7"
        />
      </div>
      <div
        className="tab"
        key="08:00"
        onClick={[Function]}
      >
        <input
          id="chk-8"
          name="rd"
          style={
            Object {
              "display": "none",
            }
          }
          type="radio"
        />
        08:00
        <label
          className="tab_label"
          htmlFor="chk-8"
          id="acc-open-8"
        >
          <span>
            08:00
          </span>
          Available
        </label>
        <div
          className="tab_content"
        >
          <h4>
            Reason for a Call :
          </h4>
          <input
            className="textBox"
            id="message-8"
            name="message_8"
            onChange={[Function]}
            type="text"
            value=""
          />
          <button
            className="confirmButton"
            id="submit-8"
            onClick={[Function]}
            type="submit"
          >
            Confirm
          </button>
        </div>
        <label
          className="box_close"
          htmlFor="acc-close"
          id="close_8"
        />
      </div>
      <div
        className="tab"
        key="09:00"
        onClick={[Function]}
      >
        <input
          id="chk-9"
          name="rd"
          style={
            Object {
              "display": "none",
            }
          }
          type="radio"
        />
        09:00
        <label
          className="tab_label"
          htmlFor="chk-9"
          id="acc-open-9"
        >
          <span>
            09:00
          </span>
          Available
        </label>
        <div
          className="tab_content"
        >
          <h4>
            Reason for a Call :
          </h4>
          <input
            className="textBox"
            id="message-9"
            name="message_9"
            onChange={[Function]}
            type="text"
            value=""
          />
          <button
            className="confirmButton"
            id="submit-9"
            onClick={[Function]}
            type="submit"
          >
            Confirm
          </button>
        </div>
        <label
          className="box_close"
          htmlFor="acc-close"
          id="close_9"
        />
      </div>
      <div
        className="tab"
        key="10:00"
        onClick={[Function]}
      >
        <input
          id="chk-10"
          name="rd"
          style={
            Object {
              "display": "none",
            }
          }
          type="radio"
        />
        10:00
        <label
          className="tab_label"
          htmlFor="chk-10"
          id="acc-open-10"
        >
          <span>
            10:00
          </span>
          Available
        </label>
        <div
          className="tab_content"
        >
          <h4>
            Reason for a Call :
          </h4>
          <input
            className="textBox"
            id="message-10"
            name="message_10"
            onChange={[Function]}
            type="text"
            value=""
          />
          <button
            className="confirmButton"
            id="submit-10"
            onClick={[Function]}
            type="submit"
          >
            Confirm
          </button>
        </div>
        <label
          className="box_close"
          htmlFor="acc-close"
          id="close_10"
        />
      </div>
      <div
        className="tab"
        key="11:00"
        onClick={[Function]}
      >
        <input
          id="chk-11"
          name="rd"
          style={
            Object {
              "display": "none",
            }
          }
          type="radio"
        />
        11:00
        <label
          className="tab_label"
          htmlFor="chk-11"
          id="acc-open-11"
        >
          <span>
            11:00
          </span>
          Available
        </label>
        <div
          className="tab_content"
        >
          <h4>
            Reason for a Call :
          </h4>
          <input
            className="textBox"
            id="message-11"
            name="message_11"
            onChange={[Function]}
            type="text"
            value=""
          />
          <button
            className="confirmButton"
            id="submit-11"
            onClick={[Function]}
            type="submit"
          >
            Confirm
          </button>
        </div>
        <label
          className="box_close"
          htmlFor="acc-close"
          id="close_11"
        />
      </div>
      <div
        className="tab"
        key="12:00"
        onClick={[Function]}
      >
        <input
          id="chk-12"
          name="rd"
          style={
            Object {
              "display": "none",
            }
          }
          type="radio"
        />
        12:00
        <label
          className="tab_label"
          htmlFor="chk-12"
          id="acc-open-12"
        >
          <span>
            12:00
          </span>
          Available
        </label>
        <div
          className="tab_content"
        >
          <h4>
            Reason for a Call :
          </h4>
          <input
            className="textBox"
            id="message-12"
            name="message_12"
            onChange={[Function]}
            type="text"
            value=""
          />
          <button
            className="confirmButton"
            id="submit-12"
            onClick={[Function]}
            type="submit"
          >
            Confirm
          </button>
        </div>
        <label
          className="box_close"
          htmlFor="acc-close"
          id="close_12"
        />
      </div>
      <div
        className="tab"
        key="13:00"
        onClick={[Function]}
      >
        <input
          id="chk-13"
          name="rd"
          style={
            Object {
              "display": "none",
            }
          }
          type="radio"
        />
        13:00
        <label
          className="tab_label"
          htmlFor="chk-13"
          id="acc-open-13"
        >
          <span>
            13:00
          </span>
          Available
        </label>
        <div
          className="tab_content"
        >
          <h4>
            Reason for a Call :
          </h4>
          <input
            className="textBox"
            id="message-13"
            name="message_13"
            onChange={[Function]}
            type="text"
            value=""
          />
          <button
            className="confirmButton"
            id="submit-13"
            onClick={[Function]}
            type="submit"
          >
            Confirm
          </button>
        </div>
        <label
          className="box_close"
          htmlFor="acc-close"
          id="close_13"
        />
      </div>
      <div
        className="tab"
        key="14:00"
        onClick={[Function]}
      >
        <input
          id="chk-14"
          name="rd"
          style={
            Object {
              "display": "none",
            }
          }
          type="radio"
        />
        14:00
        <label
          className="tab_label"
          htmlFor="chk-14"
          id="acc-open-14"
        >
          <span>
            14:00
          </span>
          Available
        </label>
        <div
          className="tab_content"
        >
          <h4>
            Reason for a Call :
          </h4>
          <input
            className="textBox"
            id="message-14"
            name="message_14"
            onChange={[Function]}
            type="text"
            value=""
          />
          <button
            className="confirmButton"
            id="submit-14"
            onClick={[Function]}
            type="submit"
          >
            Confirm
          </button>
        </div>
        <label
          className="box_close"
          htmlFor="acc-close"
          id="close_14"
        />
      </div>
      <div
        className="tab"
        key="15:00"
        onClick={[Function]}
      >
        <input
          id="chk-15"
          name="rd"
          style={
            Object {
              "display": "none",
            }
          }
          type="radio"
        />
        15:00
        <label
          className="tab_label"
          htmlFor="chk-15"
          id="acc-open-15"
        >
          <span>
            15:00
          </span>
          Available
        </label>
        <div
          className="tab_content"
        >
          <h4>
            Reason for a Call :
          </h4>
          <input
            className="textBox"
            id="message-15"
            name="message_15"
            onChange={[Function]}
            type="text"
            value=""
          />
          <button
            className="confirmButton"
            id="submit-15"
            onClick={[Function]}
            type="submit"
          >
            Confirm
          </button>
        </div>
        <label
          className="box_close"
          htmlFor="acc-close"
          id="close_15"
        />
      </div>
      <div
        className="tab"
        key="16:00"
        onClick={[Function]}
      >
        <input
          id="chk-16"
          name="rd"
          style={
            Object {
              "display": "none",
            }
          }
          type="radio"
        />
        16:00
        <label
          className="tab_label"
          htmlFor="chk-16"
          id="acc-open-16"
        >
          <span>
            16:00
          </span>
          Available
        </label>
        <div
          className="tab_content"
        >
          <h4>
            Reason for a Call :
          </h4>
          <input
            className="textBox"
            id="message-16"
            name="message_16"
            onChange={[Function]}
            type="text"
            value=""
          />
          <button
            className="confirmButton"
            id="submit-16"
            onClick={[Function]}
            type="submit"
          >
            Confirm
          </button>
        </div>
        <label
          className="box_close"
          htmlFor="acc-close"
          id="close_16"
        />
      </div>
      <div
        className="tab"
        key="17:00"
        onClick={[Function]}
      >
        <input
          id="chk-17"
          name="rd"
          style={
            Object {
              "display": "none",
            }
          }
          type="radio"
        />
        17:00
        <label
          className="tab_label"
          htmlFor="chk-17"
          id="acc-open-17"
        >
          <span>
            17:00
          </span>
          Available
        </label>
        <div
          className="tab_content"
        >
          <h4>
            Reason for a Call :
          </h4>
          <input
            className="textBox"
            id="message-17"
            name="message_17"
            onChange={[Function]}
            type="text"
            value=""
          />
          <button
            className="confirmButton"
            id="submit-17"
            onClick={[Function]}
            type="submit"
          >
            Confirm
          </button>
        </div>
        <label
          className="box_close"
          htmlFor="acc-close"
          id="close_17"
        />
      </div>
      <div
        className="tab"
        key="18:00"
        onClick={[Function]}
      >
        <input
          id="chk-18"
          name="rd"
          style={
            Object {
              "display": "none",
            }
          }
          type="radio"
        />
        18:00
        <label
          className="tab_label"
          htmlFor="chk-18"
          id="acc-open-18"
        >
          <span>
            18:00
          </span>
          Available
        </label>
        <div
          className="tab_content"
        >
          <h4>
            Reason for a Call :
          </h4>
          <input
            className="textBox"
            id="message-18"
            name="message_18"
            onChange={[Function]}
            type="text"
            value=""
          />
          <button
            className="confirmButton"
            id="submit-18"
            onClick={[Function]}
            type="submit"
          >
            Confirm
          </button>
        </div>
        <label
          className="box_close"
          htmlFor="acc-close"
          id="close_18"
        />
      </div>
      <div
        className="tab"
        key="19:00"
        onClick={[Function]}
      >
        <input
          id="chk-19"
          name="rd"
          style={
            Object {
              "display": "none",
            }
          }
          type="radio"
        />
        19:00
        <label
          className="tab_label"
          htmlFor="chk-19"
          id="acc-open-19"
        >
          <span>
            19:00
          </span>
          Available
        </label>
        <div
          className="tab_content"
        >
          <h4>
            Reason for a Call :
          </h4>
          <input
            className="textBox"
            id="message-19"
            name="message_19"
            onChange={[Function]}
            type="text"
            value=""
          />
          <button
            className="confirmButton"
            id="submit-19"
            onClick={[Function]}
            type="submit"
          >
            Confirm
          </button>
        </div>
        <label
          className="box_close"
          htmlFor="acc-close"
          id="close_19"
        />
      </div>
      <div
        className="tab"
        key="20:00"
        onClick={[Function]}
      >
        <input
          id="chk-20"
          name="rd"
          style={
            Object {
              "display": "none",
            }
          }
          type="radio"
        />
        20:00
        <label
          className="tab_label"
          htmlFor="chk-20"
          id="acc-open-20"
        >
          <span>
            20:00
          </span>
          Available
        </label>
        <div
          className="tab_content"
        >
          <h4>
            Reason for a Call :
          </h4>
          <input
            className="textBox"
            id="message-20"
            name="message_20"
            onChange={[Function]}
            type="text"
            value=""
          />
          <button
            className="confirmButton"
            id="submit-20"
            onClick={[Function]}
            type="submit"
          >
            Confirm
          </button>
        </div>
        <label
          className="box_close"
          htmlFor="acc-close"
          id="close_20"
        />
      </div>
      <div
        className="tab"
        key="21:00"
        onClick={[Function]}
      >
        <input
          id="chk-21"
          name="rd"
          style={
            Object {
              "display": "none",
            }
          }
          type="radio"
        />
        21:00
        <label
          className="allotted"
          htmlFor=""
          id="acc-open-21"
        >
          <span>
            21:00
          </span>
          Not Available
        </label>
        <div
          className="tab_content"
        >
          <h4>
            Reason for a Call :
          </h4>
          <input
            className="textBox"
            id="message-21"
            name="message_21"
            onChange={[Function]}
            type="text"
            value=""
          />
          <button
            className="confirmButton"
            id="submit-21"
            onClick={[Function]}
            type="submit"
          >
            Confirm
          </button>
        </div>
        <label
          className="box_close"
          htmlFor="acc-close"
          id="close_21"
        />
      </div>
      <div
        className="tab"
        key="22:00"
        onClick={[Function]}
      >
        <input
          id="chk-22"
          name="rd"
          style={
            Object {
              "display": "none",
            }
          }
          type="radio"
        />
        22:00
        <label
          className="tab_label"
          htmlFor="chk-22"
          id="acc-open-22"
        >
          <span>
            22:00
          </span>
          Available
        </label>
        <div
          className="tab_content"
        >
          <h4>
            Reason for a Call :
          </h4>
          <input
            className="textBox"
            id="message-22"
            name="message_22"
            onChange={[Function]}
            type="text"
            value=""
          />
          <button
            className="confirmButton"
            id="submit-22"
            onClick={[Function]}
            type="submit"
          >
            Confirm
          </button>
        </div>
        <label
          className="box_close"
          htmlFor="acc-close"
          id="close_22"
        />
      </div>
      <div
        className="tab"
        key="23:00"
        onClick={[Function]}
      >
        <input
          id="chk-23"
          name="rd"
          style={
            Object {
              "display": "none",
            }
          }
          type="radio"
        />
        23:00
        <label
          className="tab_label"
          htmlFor="chk-23"
          id="acc-open-23"
        >
          <span>
            23:00
          </span>
          Available
        </label>
        <div
          className="tab_content"
        >
          <h4>
            Reason for a Call :
          </h4>
          <input
            className="textBox"
            id="message-23"
            name="message_23"
            onChange={[Function]}
            type="text"
            value=""
          />
          <button
            className="confirmButton"
            id="submit-23"
            onClick={[Function]}
            type="submit"
          >
            Confirm
          </button>
        </div>
        <label
          className="box_close"
          htmlFor="acc-close"
          id="close_23"
        />
      </div>
    </div>
  </div>
</div>
`;
